Updating cbc654c..231a91d
Fast-forward
 .../threads/BASS_HE/CODEX_START_KO.md              |   9 +
 .../threads/BASS_HE/CURRENT_FASTEST_STATE.json     |  28 ++
 .../threads/BASS_HE/REPO_SYNC_POLICY.json          |  36 +++
 .../BASS_HE/runs/HE-F2B_20261004/README_KO.md      |  28 ++
 .../BASS_HE/runs/HE-F2B_20261004/RETURN.json       |  55 ++++
 .../HE-F2B_20261004/data/OWNER_SCOPE_BINDING.json  |  35 +++
 .../runs/HE-F2B_20261004/evidence/FINAL_TESTS.log  |   2 +
 .../evidence/PREPUBLICATION_RECHECK.json           |  23 ++
 .../runs/HE-F2B_20261004/owner_scope_intake.py     | 144 ++++++++++
 .../runs/HE-F2B_20261004/tests/test_owner_scope.py | 101 +++++++
 .../BASS_HE/runs/HE-F2_20261004/DERIVATION_KO.md   |  80 ++++++
 .../BASS_HE/runs/HE-F2_20261004/README_KO.md       |  22 ++
 .../BASS_HE/runs/HE-F2_20261004/REGISTRATION.json  |  39 +++
 .../BASS_HE/runs/HE-F2_20261004/REPORT_KO.md       |  79 ++++++
 .../BASS_HE/runs/HE-F2_20261004/RETURN.json        |  59 ++++
 .../BASS_HE/runs/HE-F2_20261004/STATE_DELTA.json   |  23 ++
 .../data/CONSUMER_LEDGER_ACCEPTANCE.json           | 106 +++++++
 .../runs/HE-F2_20261004/data/REACTION_BINDING.json |  55 ++++
 .../data/SOURCE_DOMAIN_ASSESSMENT.json             |  68 +++++
 .../runs/HE-F2_20261004/evidence/FINAL_TESTS.log   |   2 +
 .../evidence/INHERITED_CODE_IDENTITY.json          |  61 ++++
 .../HE-F2_20261004/evidence/SOURCE_READBACK.json   |  31 +++
 .../handoff/REI_CONSUMER_DECISION_KO.md            |  31 +++
 .../BASS_HE/runs/HE-F2_20261004/he_f2_binding.py   | 306 +++++++++++++++++++++
 .../BASS_HE/runs/HE-F2_20261004/tests/conftest.py  |   4 +
 .../runs/HE-F2_20261004/tests/test_binding.py      | 128 +++++++++
 26 files changed, 1555 insertions(+)
 create mode 100644 docs/atomic_reionization_handoff_20261004_v1/threads/BASS_HE/CURRENT_FASTEST_STATE.json
 create mode 100644 docs/atomic_reionization_handoff_20261004_v1/threads/BASS_HE/REPO_SYNC_POLICY.json
 create mode 100644 docs/atomic_reionization_handoff_20261004_v1/threads/BASS_HE/runs/HE-F2B_20261004/README_KO.md
 create mode 100644 docs/atomic_reionization_handoff_20261004_v1/threads/BASS_HE/runs/HE-F2B_20261004/RETURN.json
 create mode 100644 docs/atomic_reionization_handoff_20261004_v1/threads/BASS_HE/runs/HE-F2B_20261004/data/OWNER_SCOPE_BINDING.json
 create mode 100644 docs/atomic_reionization_handoff_20261004_v1/threads/BASS_HE/runs/HE-F2B_20261004/evidence/FINAL_TESTS.log
 create mode 100644 docs/atomic_reionization_handoff_20261004_v1/threads/BASS_HE/runs/HE-F2B_20261004/evidence/PREPUBLICATION_RECHECK.json
 create mode 100644 docs/atomic_reionization_handoff_20261004_v1/threads/BASS_HE/runs/HE-F2B_20261004/owner_scope_intake.py
 create mode 100644 docs/atomic_reionization_handoff_20261004_v1/threads/BASS_HE/runs/HE-F2B_20261004/tests/test_owner_scope.py
 create mode 100644 docs/atomic_reionization_handoff_20261004_v1/threads/BASS_HE/runs/HE-F2_20261004/DERIVATION_KO.md
 create mode 100644 docs/atomic_reionization_handoff_20261004_v1/threads/BASS_HE/runs/HE-F2_20261004/README_KO.md
 create mode 100644 docs/atomic_reionization_handoff_20261004_v1/threads/BASS_HE/runs/HE-F2_20261004/REGISTRATION.json
 create mode 100644 docs/atomic_reionization_handoff_20261004_v1/threads/BASS_HE/runs/HE-F2_20261004/REPORT_KO.md
 create mode 100644 docs/atomic_reionization_handoff_20261004_v1/threads/BASS_HE/runs/HE-F2_20261004/RETURN.json
 create mode 100644 docs/atomic_reionization_handoff_20261004_v1/threads/BASS_HE/runs/HE-F2_20261004/STATE_DELTA.json
 create mode 100644 docs/atomic_reionization_handoff_20261004_v1/threads/BASS_HE/runs/HE-F2_20261004/data/CONSUMER_LEDGER_ACCEPTANCE.json
 create mode 100644 docs/atomic_reionization_handoff_20261004_v1/threads/BASS_HE/runs/HE-F2_20261004/data/REACTION_BINDING.json
 create mode 100644 docs/atomic_reionization_handoff_20261004_v1/threads/BASS_HE/runs/HE-F2_20261004/data/SOURCE_DOMAIN_ASSESSMENT.json
 create mode 100644 docs/atomic_reionization_handoff_20261004_v1/threads/BASS_HE/runs/HE-F2_20261004/evidence/FINAL_TESTS.log
 create mode 100644 docs/atomic_reionization_handoff_20261004_v1/threads/BASS_HE/runs/HE-F2_20261004/evidence/INHERITED_CODE_IDENTITY.json
 create mode 100644 docs/atomic_reionization_handoff_20261004_v1/threads/BASS_HE/runs/HE-F2_20261004/evidence/SOURCE_READBACK.json
 create mode 100644 docs/atomic_reionization_handoff_20261004_v1/threads/BASS_HE/runs/HE-F2_20261004/handoff/REI_CONSUMER_DECISION_KO.md
 create mode 100644 docs/atomic_reionization_handoff_20261004_v1/threads/BASS_HE/runs/HE-F2_20261004/he_f2_binding.py
 create mode 100644 docs/atomic_reionization_handoff_20261004_v1/threads/BASS_HE/runs/HE-F2_20261004/tests/conftest.py
 create mode 100644 docs/atomic_reionization_handoff_20261004_v1/threads/BASS_HE/runs/HE-F2_20261004/tests/test_binding.py
