.................................................FFFFFFFFFF.....         [100%]
=================================== FAILURES ===================================
_____________ test_matching_error_must_be_finite_nonnegative[nan0] _____________
../packet/research/shared_c64/20260929/CODE_I02_HOSTILE_REAUDIT/audit/test_hostile_certificate.py:140: in test_matching_error_must_be_finite_nonnegative
    blocked(inspect_case(ep,monkeypatch,ledger,f'matching_error:{repr(value)}'))
../packet/research/shared_c64/20260929/CODE_I02_HOSTILE_REAUDIT/audit/test_hostile_certificate.py:82: in blocked
    assert row['validator'] == 'ValueError' and row['geometry'] == 'ValueError' and row['anchor_calls'] == 0, row
E   AssertionError: {'actual_payload_binding_sha256': '79b8a120cdd120d84dc6f4592c5f469df38caca5052c27a99a29d92f7daabedc', 'anchor_calls': 1, 'case': 'matching_error:nan', 'geometry': 'ANCHOR_REACHED', ...}
E   assert ('ACCEPTED' == 'ValueError'
E     
E     - ValueError
E     + ACCEPTED)
_____________ test_matching_error_must_be_finite_nonnegative[-inf] _____________
../packet/research/shared_c64/20260929/CODE_I02_HOSTILE_REAUDIT/audit/test_hostile_certificate.py:140: in test_matching_error_must_be_finite_nonnegative
    blocked(inspect_case(ep,monkeypatch,ledger,f'matching_error:{repr(value)}'))
../packet/research/shared_c64/20260929/CODE_I02_HOSTILE_REAUDIT/audit/test_hostile_certificate.py:82: in blocked
    assert row['validator'] == 'ValueError' and row['geometry'] == 'ValueError' and row['anchor_calls'] == 0, row
E   AssertionError: {'actual_payload_binding_sha256': '79b8a120cdd120d84dc6f4592c5f469df38caca5052c27a99a29d92f7daabedc', 'anchor_calls': 1, 'case': 'matching_error:-inf', 'geometry': 'ANCHOR_REACHED', ...}
E   assert ('ACCEPTED' == 'ValueError'
E     
E     - ValueError
E     + ACCEPTED)
_____________ test_matching_error_must_be_finite_nonnegative[-1.0] _____________
../packet/research/shared_c64/20260929/CODE_I02_HOSTILE_REAUDIT/audit/test_hostile_certificate.py:140: in test_matching_error_must_be_finite_nonnegative
    blocked(inspect_case(ep,monkeypatch,ledger,f'matching_error:{repr(value)}'))
../packet/research/shared_c64/20260929/CODE_I02_HOSTILE_REAUDIT/audit/test_hostile_certificate.py:82: in blocked
    assert row['validator'] == 'ValueError' and row['geometry'] == 'ValueError' and row['anchor_calls'] == 0, row
E   AssertionError: {'actual_payload_binding_sha256': '79b8a120cdd120d84dc6f4592c5f469df38caca5052c27a99a29d92f7daabedc', 'anchor_calls': 1, 'case': 'matching_error:-1.0', 'geometry': 'ANCHOR_REACHED', ...}
E   assert ('ACCEPTED' == 'ValueError'
E     
E     - ValueError
E     + ACCEPTED)
_____________ test_matching_error_must_be_finite_nonnegative[nan1] _____________
../packet/research/shared_c64/20260929/CODE_I02_HOSTILE_REAUDIT/audit/test_hostile_certificate.py:140: in test_matching_error_must_be_finite_nonnegative
    blocked(inspect_case(ep,monkeypatch,ledger,f'matching_error:{repr(value)}'))
../packet/research/shared_c64/20260929/CODE_I02_HOSTILE_REAUDIT/audit/test_hostile_certificate.py:82: in blocked
    assert row['validator'] == 'ValueError' and row['geometry'] == 'ValueError' and row['anchor_calls'] == 0, row
E   AssertionError: {'actual_payload_binding_sha256': '79b8a120cdd120d84dc6f4592c5f469df38caca5052c27a99a29d92f7daabedc', 'anchor_calls': 1, 'case': "matching_error:'nan'", 'geometry': 'ANCHOR_REACHED', ...}
E   assert ('ACCEPTED' == 'ValueError'
E     
E     - ValueError
E     + ACCEPTED)
_____________ test_pass_flag_must_not_use_truthy_nonboolean[False] _____________
../packet/research/shared_c64/20260929/CODE_I02_HOSTILE_REAUDIT/audit/test_hostile_certificate.py:146: in test_pass_flag_must_not_use_truthy_nonboolean
    blocked(inspect_case(ep,monkeypatch,ledger,f'passed:{repr(value)}'))
../packet/research/shared_c64/20260929/CODE_I02_HOSTILE_REAUDIT/audit/test_hostile_certificate.py:82: in blocked
    assert row['validator'] == 'ValueError' and row['geometry'] == 'ValueError' and row['anchor_calls'] == 0, row
E   AssertionError: {'actual_payload_binding_sha256': '79b8a120cdd120d84dc6f4592c5f469df38caca5052c27a99a29d92f7daabedc', 'anchor_calls': 1, 'case': "passed:'False'", 'geometry': 'ANCHOR_REACHED', ...}
E   assert ('ACCEPTED' == 'ValueError'
E     
E     - ValueError
E     + ACCEPTED)
_______________ test_pass_flag_must_not_use_truthy_nonboolean[0] _______________
../packet/research/shared_c64/20260929/CODE_I02_HOSTILE_REAUDIT/audit/test_hostile_certificate.py:146: in test_pass_flag_must_not_use_truthy_nonboolean
    blocked(inspect_case(ep,monkeypatch,ledger,f'passed:{repr(value)}'))
../packet/research/shared_c64/20260929/CODE_I02_HOSTILE_REAUDIT/audit/test_hostile_certificate.py:82: in blocked
    assert row['validator'] == 'ValueError' and row['geometry'] == 'ValueError' and row['anchor_calls'] == 0, row
E   AssertionError: {'actual_payload_binding_sha256': '79b8a120cdd120d84dc6f4592c5f469df38caca5052c27a99a29d92f7daabedc', 'anchor_calls': 1, 'case': "passed:'0'", 'geometry': 'ANCHOR_REACHED', ...}
E   assert ('ACCEPTED' == 'ValueError'
E     
E     - ValueError
E     + ACCEPTED)
_______________ test_pass_flag_must_not_use_truthy_nonboolean[1] _______________
../packet/research/shared_c64/20260929/CODE_I02_HOSTILE_REAUDIT/audit/test_hostile_certificate.py:146: in test_pass_flag_must_not_use_truthy_nonboolean
    blocked(inspect_case(ep,monkeypatch,ledger,f'passed:{repr(value)}'))
../packet/research/shared_c64/20260929/CODE_I02_HOSTILE_REAUDIT/audit/test_hostile_certificate.py:82: in blocked
    assert row['validator'] == 'ValueError' and row['geometry'] == 'ValueError' and row['anchor_calls'] == 0, row
E   AssertionError: {'actual_payload_binding_sha256': '79b8a120cdd120d84dc6f4592c5f469df38caca5052c27a99a29d92f7daabedc', 'anchor_calls': 1, 'case': 'passed:1', 'geometry': 'ANCHOR_REACHED', ...}
E   assert ('ACCEPTED' == 'ValueError'
E     
E     - ValueError
E     + ACCEPTED)
_______ test_stored_binding_digest_must_match_actual_payload[state_bool] _______
../packet/research/shared_c64/20260929/CODE_I02_HOSTILE_REAUDIT/audit/test_hostile_certificate.py:157: in test_stored_binding_digest_must_match_actual_payload
    blocked(inspect_case(ep,monkeypatch,ledger,f'binding_payload:{mode}'))
../packet/research/shared_c64/20260929/CODE_I02_HOSTILE_REAUDIT/audit/test_hostile_certificate.py:82: in blocked
    assert row['validator'] == 'ValueError' and row['geometry'] == 'ValueError' and row['anchor_calls'] == 0, row
E   AssertionError: {'actual_payload_binding_sha256': 'd4822b4b206dc71f04619bbe56e298182e73420824af9b048d7dd735e53939a6', 'anchor_calls': 1, 'case': 'binding_payload:state_bool', 'geometry': 'ANCHOR_REACHED', ...}
E   assert ('ACCEPTED' == 'ValueError'
E     
E     - ValueError
E     + ACCEPTED)
______ test_stored_binding_digest_must_match_actual_payload[state_float] _______
../packet/research/shared_c64/20260929/CODE_I02_HOSTILE_REAUDIT/audit/test_hostile_certificate.py:157: in test_stored_binding_digest_must_match_actual_payload
    blocked(inspect_case(ep,monkeypatch,ledger,f'binding_payload:{mode}'))
../packet/research/shared_c64/20260929/CODE_I02_HOSTILE_REAUDIT/audit/test_hostile_certificate.py:82: in blocked
    assert row['validator'] == 'ValueError' and row['geometry'] == 'ValueError' and row['anchor_calls'] == 0, row
E   AssertionError: {'actual_payload_binding_sha256': 'f4f2ce31cdf7718c77828c167ca3702e025b88b19fb8e59772a4f226d8149b73', 'anchor_calls': 1, 'case': 'binding_payload:state_float', 'geometry': 'ANCHOR_REACHED', ...}
E   assert ('ACCEPTED' == 'ValueError'
E     
E     - ValueError
E     + ACCEPTED)
______ test_stored_binding_digest_must_match_actual_payload[depth_float] _______
../packet/research/shared_c64/20260929/CODE_I02_HOSTILE_REAUDIT/audit/test_hostile_certificate.py:157: in test_stored_binding_digest_must_match_actual_payload
    blocked(inspect_case(ep,monkeypatch,ledger,f'binding_payload:{mode}'))
../packet/research/shared_c64/20260929/CODE_I02_HOSTILE_REAUDIT/audit/test_hostile_certificate.py:82: in blocked
    assert row['validator'] == 'ValueError' and row['geometry'] == 'ValueError' and row['anchor_calls'] == 0, row
E   AssertionError: {'actual_payload_binding_sha256': 'ccf2259e1756bbd02481c61325712908947787a9c044e3eba5fcd204f35da36b', 'anchor_calls': 1, 'case': 'binding_payload:depth_float', 'geometry': 'ANCHOR_REACHED', ...}
E   assert ('ACCEPTED' == 'ValueError'
E     
E     - ValueError
E     + ACCEPTED)
=========================== short test summary info ============================
FAILED ::test_matching_error_must_be_finite_nonnegative[nan0] - AssertionErro...
FAILED ::test_matching_error_must_be_finite_nonnegative[-inf] - AssertionErro...
FAILED ::test_matching_error_must_be_finite_nonnegative[-1.0] - AssertionErro...
FAILED ::test_matching_error_must_be_finite_nonnegative[nan1] - AssertionErro...
FAILED ::test_pass_flag_must_not_use_truthy_nonboolean[False] - AssertionErro...
FAILED ::test_pass_flag_must_not_use_truthy_nonboolean[0] - AssertionError: {...
FAILED ::test_pass_flag_must_not_use_truthy_nonboolean[1] - AssertionError: {...
FAILED ::test_stored_binding_digest_must_match_actual_payload[state_bool] - A...
FAILED ::test_stored_binding_digest_must_match_actual_payload[state_float] - ...
FAILED ::test_stored_binding_digest_must_match_actual_payload[depth_float] - ...
10 failed, 54 passed in 2.09s
