Collecting pytest==9.0.2
  Using cached pytest-9.0.2-py3-none-any.whl.metadata (7.6 kB)
Collecting numpy==2.3.5 (from -r /root/bass-he-i02-reaudit.WO9qKDxk/target/requirements-dr11e.txt (line 2))
  Using cached numpy-2.3.5-cp312-cp312-manylinux_2_27_x86_64.manylinux_2_28_x86_64.whl.metadata (62 kB)
Collecting scipy==1.17.0 (from -r /root/bass-he-i02-reaudit.WO9qKDxk/target/requirements-dr11e.txt (line 3))
  Using cached scipy-1.17.0-cp312-cp312-manylinux_2_27_x86_64.manylinux_2_28_x86_64.whl.metadata (62 kB)
Collecting iniconfig>=1.0.1 (from pytest==9.0.2)
  Using cached iniconfig-2.3.0-py3-none-any.whl.metadata (2.5 kB)
Collecting packaging>=22 (from pytest==9.0.2)
  Using cached packaging-26.3-py3-none-any.whl.metadata (3.5 kB)
Collecting pluggy<2,>=1.5 (from pytest==9.0.2)
  Using cached pluggy-1.6.0-py3-none-any.whl.metadata (4.8 kB)
Collecting pygments>=2.7.2 (from pytest==9.0.2)
  Using cached pygments-2.21.0-py3-none-any.whl.metadata (2.5 kB)
Using cached pytest-9.0.2-py3-none-any.whl (374 kB)
Using cached numpy-2.3.5-cp312-cp312-manylinux_2_27_x86_64.manylinux_2_28_x86_64.whl (16.6 MB)
Using cached scipy-1.17.0-cp312-cp312-manylinux_2_27_x86_64.manylinux_2_28_x86_64.whl (35.0 MB)
Using cached iniconfig-2.3.0-py3-none-any.whl (7.5 kB)
Using cached packaging-26.3-py3-none-any.whl (129 kB)
Using cached pluggy-1.6.0-py3-none-any.whl (20 kB)
Using cached pygments-2.21.0-py3-none-any.whl (1.3 MB)
Installing collected packages: pygments, pluggy, packaging, numpy, iniconfig, scipy, pytest
Successfully installed iniconfig-2.3.0 numpy-2.3.5 packaging-26.3 pluggy-1.6.0 pygments-2.21.0 pytest-9.0.2 scipy-1.17.0
