FFFFFFFFFFFF                                                             [100%]
=================================== FAILURES ===================================
____________________ test_headon_limit_and_nonentered_block ____________________

    def test_headon_limit_and_nonentered_block():
>       a=eta_rotation_batch(2,1,[.5,.5],[0.,2.],R_cut=.75,steps=128)
          ^^^^^^^^^^^^^^^^^^^^^^^^^^^^^^^^^^^^^^^^^^^^^^^^^^^^^^^^^^^

tests/test_core.py:8: 
_ _ _ _ _ _ _ _ _ _ _ _ _ _ _ _ _ _ _ _ _ _ _ _ _ _ _ _ _ _ _ _ _ _ _ _ _ _ _ _ 

args = (2, 1, [0.5, 0.5], [0.0, 2.0]), kwargs = {'R_cut': 0.75, 'steps': 128}

    def eta_rotation_batch(*args,**kwargs):
>       raise NotImplementedError('eccentric-anomaly representation pending')
E       NotImplementedError: eccentric-anomaly representation pending

eta_rotation.py:3: NotImplementedError
_____________ test_small_rho_independent_integrator_and_step_gate ______________

    def test_small_rho_independent_integrator_and_step_gate():
        r=np.array([.00067675,.00338375,.033412, .1])
>       a=eta_rotation_batch(3,2,5.,r,R_cut=25/12,steps=128)
          ^^^^^^^^^^^^^^^^^^^^^^^^^^^^^^^^^^^^^^^^^^^^^^^^^^

tests/test_core.py:15: 
_ _ _ _ _ _ _ _ _ _ _ _ _ _ _ _ _ _ _ _ _ _ _ _ _ _ _ _ _ _ _ _ _ _ _ _ _ _ _ _ 

args = (3, 2, 5.0, array([0.00067675, 0.00338375, 0.033412  , 0.1       ]))
kwargs = {'R_cut': 2.0833333333333335, 'steps': 128}

    def eta_rotation_batch(*args,**kwargs):
>       raise NotImplementedError('eccentric-anomaly representation pending')
E       NotImplementedError: eccentric-anomaly representation pending

eta_rotation.py:3: NotImplementedError
_______________________ test_invalid_rho_rejected[-1.0] ________________________

r = -1.0

    @pytest.mark.parametrize('r',[-1.,np.nan,np.inf])
    def test_invalid_rho_rejected(r):
>       with pytest.raises(ValueError):eta_rotation_batch(2,1,.5,r,R_cut=.75)
                                       ^^^^^^^^^^^^^^^^^^^^^^^^^^^^^^^^^^^^^^

tests/test_core.py:26: 
_ _ _ _ _ _ _ _ _ _ _ _ _ _ _ _ _ _ _ _ _ _ _ _ _ _ _ _ _ _ _ _ _ _ _ _ _ _ _ _ 

args = (2, 1, 0.5, -1.0), kwargs = {'R_cut': 0.75}

    def eta_rotation_batch(*args,**kwargs):
>       raise NotImplementedError('eccentric-anomaly representation pending')
E       NotImplementedError: eccentric-anomaly representation pending

eta_rotation.py:3: NotImplementedError
________________________ test_invalid_rho_rejected[nan] ________________________

r = nan

    @pytest.mark.parametrize('r',[-1.,np.nan,np.inf])
    def test_invalid_rho_rejected(r):
>       with pytest.raises(ValueError):eta_rotation_batch(2,1,.5,r,R_cut=.75)
                                       ^^^^^^^^^^^^^^^^^^^^^^^^^^^^^^^^^^^^^^

tests/test_core.py:26: 
_ _ _ _ _ _ _ _ _ _ _ _ _ _ _ _ _ _ _ _ _ _ _ _ _ _ _ _ _ _ _ _ _ _ _ _ _ _ _ _ 

args = (2, 1, 0.5, nan), kwargs = {'R_cut': 0.75}

    def eta_rotation_batch(*args,**kwargs):
>       raise NotImplementedError('eccentric-anomaly representation pending')
E       NotImplementedError: eccentric-anomaly representation pending

eta_rotation.py:3: NotImplementedError
________________________ test_invalid_rho_rejected[inf] ________________________

r = inf

    @pytest.mark.parametrize('r',[-1.,np.nan,np.inf])
    def test_invalid_rho_rejected(r):
>       with pytest.raises(ValueError):eta_rotation_batch(2,1,.5,r,R_cut=.75)
                                       ^^^^^^^^^^^^^^^^^^^^^^^^^^^^^^^^^^^^^^

tests/test_core.py:26: 
_ _ _ _ _ _ _ _ _ _ _ _ _ _ _ _ _ _ _ _ _ _ _ _ _ _ _ _ _ _ _ _ _ _ _ _ _ _ _ _ 

args = (2, 1, 0.5, inf), kwargs = {'R_cut': 0.75}

    def eta_rotation_batch(*args,**kwargs):
>       raise NotImplementedError('eccentric-anomaly representation pending')
E       NotImplementedError: eccentric-anomaly representation pending

eta_rotation.py:3: NotImplementedError
__________________________ test_steps_contract[True] ___________________________

steps = True

    @pytest.mark.parametrize('steps',[True,3,1.5])
    def test_steps_contract(steps):
>       with pytest.raises(ValueError):eta_rotation_batch(2,1,.5,.05,R_cut=.75,steps=steps)
                                       ^^^^^^^^^^^^^^^^^^^^^^^^^^^^^^^^^^^^^^^^^^^^^^^^^^^^

tests/test_core.py:31: 
_ _ _ _ _ _ _ _ _ _ _ _ _ _ _ _ _ _ _ _ _ _ _ _ _ _ _ _ _ _ _ _ _ _ _ _ _ _ _ _ 

args = (2, 1, 0.5, 0.05), kwargs = {'R_cut': 0.75, 'steps': True}

    def eta_rotation_batch(*args,**kwargs):
>       raise NotImplementedError('eccentric-anomaly representation pending')
E       NotImplementedError: eccentric-anomaly representation pending

eta_rotation.py:3: NotImplementedError
____________________________ test_steps_contract[3] ____________________________

steps = 3

    @pytest.mark.parametrize('steps',[True,3,1.5])
    def test_steps_contract(steps):
>       with pytest.raises(ValueError):eta_rotation_batch(2,1,.5,.05,R_cut=.75,steps=steps)
                                       ^^^^^^^^^^^^^^^^^^^^^^^^^^^^^^^^^^^^^^^^^^^^^^^^^^^^

tests/test_core.py:31: 
_ _ _ _ _ _ _ _ _ _ _ _ _ _ _ _ _ _ _ _ _ _ _ _ _ _ _ _ _ _ _ _ _ _ _ _ _ _ _ _ 

args = (2, 1, 0.5, 0.05), kwargs = {'R_cut': 0.75, 'steps': 3}

    def eta_rotation_batch(*args,**kwargs):
>       raise NotImplementedError('eccentric-anomaly representation pending')
E       NotImplementedError: eccentric-anomaly representation pending

eta_rotation.py:3: NotImplementedError
___________________________ test_steps_contract[1.5] ___________________________

steps = 1.5

    @pytest.mark.parametrize('steps',[True,3,1.5])
    def test_steps_contract(steps):
>       with pytest.raises(ValueError):eta_rotation_batch(2,1,.5,.05,R_cut=.75,steps=steps)
                                       ^^^^^^^^^^^^^^^^^^^^^^^^^^^^^^^^^^^^^^^^^^^^^^^^^^^^

tests/test_core.py:31: 
_ _ _ _ _ _ _ _ _ _ _ _ _ _ _ _ _ _ _ _ _ _ _ _ _ _ _ _ _ _ _ _ _ _ _ _ _ _ _ _ 

args = (2, 1, 0.5, 0.05), kwargs = {'R_cut': 0.75, 'steps': 1.5}

    def eta_rotation_batch(*args,**kwargs):
>       raise NotImplementedError('eccentric-anomaly representation pending')
E       NotImplementedError: eccentric-anomaly representation pending

eta_rotation.py:3: NotImplementedError
__________ test_vector_integral_cylindrical_jacobian_and_confirmation __________

    def test_vector_integral_cylindrical_jacobian_and_confirmation():
        calls=[]
        def f(r):
            calls.extend(r.tolist())
            return np.column_stack([np.ones(len(r)),r*r])
>       result=integrate_endpoint(f,B=.5,scale=.0067675,tail=[2.,3.],tail_error=[0.,0.],max_leaves=8)
               ^^^^^^^^^^^^^^^^^^^^^^^^^^^^^^^^^^^^^^^^^^^^^^^^^^^^^^^^^^^^^^^^^^^^^^^^^^^^^^^^^^^^^^

tests/test_core.py:39: 
_ _ _ _ _ _ _ _ _ _ _ _ _ _ _ _ _ _ _ _ _ _ _ _ _ _ _ _ _ _ _ _ _ _ _ _ _ _ _ _ 

args = (<function test_vector_integral_cylindrical_jacobian_and_confirmation.<locals>.f at 0x7efe65f6f060>,)
kwargs = {'B': 0.5, 'max_leaves': 8, 'scale': 0.0067675, 'tail': [2.0, 3.0], ...}

    def integrate_endpoint(*args,**kwargs):
>       raise NotImplementedError('bounded endpoint integration pending')
E       NotImplementedError: bounded endpoint integration pending

endpoint_quadrature.py:3: NotImplementedError
______________ test_componentwise_not_total_only_and_budget_stop _______________

    def test_componentwise_not_total_only_and_budget_stop():
        def f(r):return np.column_stack([1e5*np.ones(len(r)),.1+np.sin(800*r)**2])
>       result=integrate_endpoint(f,B=.5,scale=.01,tail=[0.,0.],tail_error=[0.,0.],max_leaves=2)
               ^^^^^^^^^^^^^^^^^^^^^^^^^^^^^^^^^^^^^^^^^^^^^^^^^^^^^^^^^^^^^^^^^^^^^^^^^^^^^^^^^

tests/test_core.py:49: 
_ _ _ _ _ _ _ _ _ _ _ _ _ _ _ _ _ _ _ _ _ _ _ _ _ _ _ _ _ _ _ _ _ _ _ _ _ _ _ _ 

args = (<function test_componentwise_not_total_only_and_budget_stop.<locals>.f at 0x7efe65f6ee80>,)
kwargs = {'B': 0.5, 'max_leaves': 2, 'scale': 0.01, 'tail': [0.0, 0.0], ...}

    def integrate_endpoint(*args,**kwargs):
>       raise NotImplementedError('bounded endpoint integration pending')
E       NotImplementedError: bounded endpoint integration pending

endpoint_quadrature.py:3: NotImplementedError
__________ test_no_relaxation_when_tail_error_already_exhausts_budget __________

    def test_no_relaxation_when_tail_error_already_exhausts_budget():
        def f(r):return np.ones((len(r),1))
>       result=integrate_endpoint(f,B=.5,scale=.01,tail=[1.],tail_error=[10.],max_leaves=3)
               ^^^^^^^^^^^^^^^^^^^^^^^^^^^^^^^^^^^^^^^^^^^^^^^^^^^^^^^^^^^^^^^^^^^^^^^^^^^^

tests/test_core.py:57: 
_ _ _ _ _ _ _ _ _ _ _ _ _ _ _ _ _ _ _ _ _ _ _ _ _ _ _ _ _ _ _ _ _ _ _ _ _ _ _ _ 

args = (<function test_no_relaxation_when_tail_error_already_exhausts_budget.<locals>.f at 0x7efe65f6e200>,)
kwargs = {'B': 0.5, 'max_leaves': 3, 'scale': 0.01, 'tail': [1.0], ...}

    def integrate_endpoint(*args,**kwargs):
>       raise NotImplementedError('bounded endpoint integration pending')
E       NotImplementedError: bounded endpoint integration pending

endpoint_quadrature.py:3: NotImplementedError
_____________________ test_invalid_integrand_fails_closed ______________________

    def test_invalid_integrand_fails_closed():
        with pytest.raises(ValueError):
>           integrate_endpoint(lambda r:np.full((len(r),1),np.nan),B=.5,scale=.01,tail=[0.],tail_error=[0.])

tests/test_core.py:64: 
_ _ _ _ _ _ _ _ _ _ _ _ _ _ _ _ _ _ _ _ _ _ _ _ _ _ _ _ _ _ _ _ _ _ _ _ _ _ _ _ 

args = (<function test_invalid_integrand_fails_closed.<locals>.<lambda> at 0x7efe65f6f880>,)
kwargs = {'B': 0.5, 'scale': 0.01, 'tail': [0.0], 'tail_error': [0.0]}

    def integrate_endpoint(*args,**kwargs):
>       raise NotImplementedError('bounded endpoint integration pending')
E       NotImplementedError: bounded endpoint integration pending

endpoint_quadrature.py:3: NotImplementedError
=========================== short test summary info ============================
FAILED tests/test_core.py::test_headon_limit_and_nonentered_block - NotImplementedError: eccentric-anomaly representation pending
FAILED tests/test_core.py::test_small_rho_independent_integrator_and_step_gate - NotImplementedError: eccentric-anomaly representation pending
FAILED tests/test_core.py::test_invalid_rho_rejected[-1.0] - NotImplementedError: eccentric-anomaly representation pending
FAILED tests/test_core.py::test_invalid_rho_rejected[nan] - NotImplementedError: eccentric-anomaly representation pending
FAILED tests/test_core.py::test_invalid_rho_rejected[inf] - NotImplementedError: eccentric-anomaly representation pending
FAILED tests/test_core.py::test_steps_contract[True] - NotImplementedError: eccentric-anomaly representation pending
FAILED tests/test_core.py::test_steps_contract[3] - NotImplementedError: eccentric-anomaly representation pending
FAILED tests/test_core.py::test_steps_contract[1.5] - NotImplementedError: eccentric-anomaly representation pending
FAILED tests/test_core.py::test_vector_integral_cylindrical_jacobian_and_confirmation - NotImplementedError: bounded endpoint integration pending
FAILED tests/test_core.py::test_componentwise_not_total_only_and_budget_stop - NotImplementedError: bounded endpoint integration pending
FAILED tests/test_core.py::test_no_relaxation_when_tail_error_already_exhausts_budget - NotImplementedError: bounded endpoint integration pending
FAILED tests/test_core.py::test_invalid_integrand_fails_closed - NotImplementedError: bounded endpoint integration pending
12 failed in 0.07s
