test_case_requires_positive_finite_explicit_scenario (test_rct_intake.IntakeTest.test_case_requires_positive_finite_explicit_scenario) ... 
  test_case_requires_positive_finite_explicit_scenario (test_rct_intake.IntakeTest.test_case_requires_positive_finite_explicit_scenario) (value=None) ... FAIL
  test_case_requires_positive_finite_explicit_scenario (test_rct_intake.IntakeTest.test_case_requires_positive_finite_explicit_scenario) (value=0) ... FAIL
  test_case_requires_positive_finite_explicit_scenario (test_rct_intake.IntakeTest.test_case_requires_positive_finite_explicit_scenario) (value=-1) ... FAIL
  test_case_requires_positive_finite_explicit_scenario (test_rct_intake.IntakeTest.test_case_requires_positive_finite_explicit_scenario) (value=inf) ... FAIL
  test_case_requires_positive_finite_explicit_scenario (test_rct_intake.IntakeTest.test_case_requires_positive_finite_explicit_scenario) (value=nan) ... FAIL
test_case_requires_positive_finite_explicit_scenario (test_rct_intake.IntakeTest.test_case_requires_positive_finite_explicit_scenario) ... FAIL
test_closure_class_and_photon_route_are_explicit (test_rct_intake.IntakeTest.test_closure_class_and_photon_route_are_explicit) ... FAIL
test_coefficient_units_and_source_bytes (test_rct_intake.IntakeTest.test_coefficient_units_and_source_bytes) ... FAIL
test_count_packet_not_thermal_rate (test_rct_intake.IntakeTest.test_count_packet_not_thermal_rate) ... FAIL
test_delivered_contract_accepted_only_as_local_rhs (test_rct_intake.IntakeTest.test_delivered_contract_accepted_only_as_local_rhs) ... FAIL
test_density_and_electron_ledger (test_rct_intake.IntakeTest.test_density_and_electron_ledger) ... FAIL
test_duplicate_alternative_rejected (test_rct_intake.IntakeTest.test_duplicate_alternative_rejected) ... FAIL
test_failed_numerical_evidence_not_reused (test_rct_intake.IntakeTest.test_failed_numerical_evidence_not_reused) ... FAIL
test_final_binary_must_bind_both_oracles (test_rct_intake.IntakeTest.test_final_binary_must_bind_both_oracles) ... FAIL
test_historical_review_cannot_replace_ft03_delta (test_rct_intake.IntakeTest.test_historical_review_cannot_replace_ft03_delta) ... FAIL
test_missing_moments_cannot_be_zero (test_rct_intake.IntakeTest.test_missing_moments_cannot_be_zero) ... 
  test_missing_moments_cannot_be_zero (test_rct_intake.IntakeTest.test_missing_moments_cannot_be_zero) (key='source_photon_moment') ... FAIL
  test_missing_moments_cannot_be_zero (test_rct_intake.IntakeTest.test_missing_moments_cannot_be_zero) (key='source_heat_moment') ... FAIL
  test_missing_moments_cannot_be_zero (test_rct_intake.IntakeTest.test_missing_moments_cannot_be_zero) (key='source_recoil_moment') ... FAIL
  test_missing_moments_cannot_be_zero (test_rct_intake.IntakeTest.test_missing_moments_cannot_be_zero) (key='source_spectrum') ... FAIL
test_missing_moments_cannot_be_zero (test_rct_intake.IntakeTest.test_missing_moments_cannot_be_zero) ... FAIL
test_no_implicit_activation_or_source_sum (test_rct_intake.IntakeTest.test_no_implicit_activation_or_source_sum) ... 
  test_no_implicit_activation_or_source_sum (test_rct_intake.IntakeTest.test_no_implicit_activation_or_source_sum) (key='default') ... FAIL
  test_no_implicit_activation_or_source_sum (test_rct_intake.IntakeTest.test_no_implicit_activation_or_source_sum) (key='source_addition') ... FAIL
  test_no_implicit_activation_or_source_sum (test_rct_intake.IntakeTest.test_no_implicit_activation_or_source_sum) (key='automatic_source_switch') ... FAIL
  test_no_implicit_activation_or_source_sum (test_rct_intake.IntakeTest.test_no_implicit_activation_or_source_sum) (key='physical_admission') ... FAIL
test_no_stepper_or_underflow_certificate (test_rct_intake.IntakeTest.test_no_stepper_or_underflow_certificate) ... 
  test_no_stepper_or_underflow_certificate (test_rct_intake.IntakeTest.test_no_stepper_or_underflow_certificate) (key='production_HHe_stepper_RCT_integration') ... FAIL
  test_no_stepper_or_underflow_certificate (test_rct_intake.IntakeTest.test_no_stepper_or_underflow_certificate) (key='production_FT03_stepper_RCT_integration') ... FAIL
  test_no_stepper_or_underflow_certificate (test_rct_intake.IntakeTest.test_no_stepper_or_underflow_certificate) (key='FT03_strict_underflow_representability_inherited_by_RCT') ... FAIL
test_provider_physical_admission_remains_false (test_rct_intake.IntakeTest.test_provider_physical_admission_remains_false) ... 
  test_provider_physical_admission_remains_false (test_rct_intake.IntakeTest.test_provider_physical_admission_remains_false) (key='consumer_admission') ... FAIL
  test_provider_physical_admission_remains_false (test_rct_intake.IntakeTest.test_provider_physical_admission_remains_false) (key='physical_accuracy_certified') ... FAIL
  test_provider_physical_admission_remains_false (test_rct_intake.IntakeTest.test_provider_physical_admission_remains_false) (key='baseline_global_rct_enabled') ... FAIL
  test_provider_physical_admission_remains_false (test_rct_intake.IntakeTest.test_provider_physical_admission_remains_false) (key='alternatives_are_additive') ... FAIL
test_wrong_actual_ft03_adapter (test_rct_intake.IntakeTest.test_wrong_actual_ft03_adapter) ... FAIL

======================================================================
FAIL: test_case_requires_positive_finite_explicit_scenario (test_rct_intake.IntakeTest.test_case_requires_positive_finite_explicit_scenario) (value=None)
----------------------------------------------------------------------
Traceback (most recent call last):
  File "/root/BASS_HE/docs/atomic_reionization_handoff_20261004_v1/threads/BASS_HE/execution/HE_F2C_20261005T001658KST/test_rct_intake.py", line 107, in test_case_requires_positive_finite_explicit_scenario
    self.rejects("cases", [0, "native", "mean_escaped_photon_energy_ev"], value)
  File "/root/BASS_HE/docs/atomic_reionization_handoff_20261004_v1/threads/BASS_HE/execution/HE_F2C_20261005T001658KST/test_rct_intake.py", line 36, in rejects
    with self.assertRaises(ValueError):
AssertionError: ValueError not raised

======================================================================
FAIL: test_case_requires_positive_finite_explicit_scenario (test_rct_intake.IntakeTest.test_case_requires_positive_finite_explicit_scenario) (value=0)
----------------------------------------------------------------------
Traceback (most recent call last):
  File "/root/BASS_HE/docs/atomic_reionization_handoff_20261004_v1/threads/BASS_HE/execution/HE_F2C_20261005T001658KST/test_rct_intake.py", line 107, in test_case_requires_positive_finite_explicit_scenario
    self.rejects("cases", [0, "native", "mean_escaped_photon_energy_ev"], value)
  File "/root/BASS_HE/docs/atomic_reionization_handoff_20261004_v1/threads/BASS_HE/execution/HE_F2C_20261005T001658KST/test_rct_intake.py", line 36, in rejects
    with self.assertRaises(ValueError):
AssertionError: ValueError not raised

======================================================================
FAIL: test_case_requires_positive_finite_explicit_scenario (test_rct_intake.IntakeTest.test_case_requires_positive_finite_explicit_scenario) (value=-1)
----------------------------------------------------------------------
Traceback (most recent call last):
  File "/root/BASS_HE/docs/atomic_reionization_handoff_20261004_v1/threads/BASS_HE/execution/HE_F2C_20261005T001658KST/test_rct_intake.py", line 107, in test_case_requires_positive_finite_explicit_scenario
    self.rejects("cases", [0, "native", "mean_escaped_photon_energy_ev"], value)
  File "/root/BASS_HE/docs/atomic_reionization_handoff_20261004_v1/threads/BASS_HE/execution/HE_F2C_20261005T001658KST/test_rct_intake.py", line 36, in rejects
    with self.assertRaises(ValueError):
AssertionError: ValueError not raised

======================================================================
FAIL: test_case_requires_positive_finite_explicit_scenario (test_rct_intake.IntakeTest.test_case_requires_positive_finite_explicit_scenario) (value=inf)
----------------------------------------------------------------------
Traceback (most recent call last):
  File "/root/BASS_HE/docs/atomic_reionization_handoff_20261004_v1/threads/BASS_HE/execution/HE_F2C_20261005T001658KST/test_rct_intake.py", line 107, in test_case_requires_positive_finite_explicit_scenario
    self.rejects("cases", [0, "native", "mean_escaped_photon_energy_ev"], value)
  File "/root/BASS_HE/docs/atomic_reionization_handoff_20261004_v1/threads/BASS_HE/execution/HE_F2C_20261005T001658KST/test_rct_intake.py", line 36, in rejects
    with self.assertRaises(ValueError):
AssertionError: ValueError not raised

======================================================================
FAIL: test_case_requires_positive_finite_explicit_scenario (test_rct_intake.IntakeTest.test_case_requires_positive_finite_explicit_scenario) (value=nan)
----------------------------------------------------------------------
Traceback (most recent call last):
  File "/root/BASS_HE/docs/atomic_reionization_handoff_20261004_v1/threads/BASS_HE/execution/HE_F2C_20261005T001658KST/test_rct_intake.py", line 107, in test_case_requires_positive_finite_explicit_scenario
    self.rejects("cases", [0, "native", "mean_escaped_photon_energy_ev"], value)
  File "/root/BASS_HE/docs/atomic_reionization_handoff_20261004_v1/threads/BASS_HE/execution/HE_F2C_20261005T001658KST/test_rct_intake.py", line 36, in rejects
    with self.assertRaises(ValueError):
AssertionError: ValueError not raised

======================================================================
FAIL: test_case_requires_positive_finite_explicit_scenario (test_rct_intake.IntakeTest.test_case_requires_positive_finite_explicit_scenario)
----------------------------------------------------------------------
Traceback (most recent call last):
  File "/root/BASS_HE/docs/atomic_reionization_handoff_20261004_v1/threads/BASS_HE/execution/HE_F2C_20261005T001658KST/test_rct_intake.py", line 108, in test_case_requires_positive_finite_explicit_scenario
    self.rejects("cases", [0, "mean_origin"], None)
  File "/root/BASS_HE/docs/atomic_reionization_handoff_20261004_v1/threads/BASS_HE/execution/HE_F2C_20261005T001658KST/test_rct_intake.py", line 36, in rejects
    with self.assertRaises(ValueError):
AssertionError: ValueError not raised

======================================================================
FAIL: test_closure_class_and_photon_route_are_explicit (test_rct_intake.IntakeTest.test_closure_class_and_photon_route_are_explicit)
----------------------------------------------------------------------
Traceback (most recent call last):
  File "/root/BASS_HE/docs/atomic_reionization_handoff_20261004_v1/threads/BASS_HE/execution/HE_F2C_20261005T001658KST/test_rct_intake.py", line 100, in test_closure_class_and_photon_route_are_explicit
    self.rejects("return", ["closure", "input_origin"], "PROVIDER_PREDICTED")
  File "/root/BASS_HE/docs/atomic_reionization_handoff_20261004_v1/threads/BASS_HE/execution/HE_F2C_20261005T001658KST/test_rct_intake.py", line 36, in rejects
    with self.assertRaises(ValueError):
AssertionError: ValueError not raised

======================================================================
FAIL: test_coefficient_units_and_source_bytes (test_rct_intake.IntakeTest.test_coefficient_units_and_source_bytes)
----------------------------------------------------------------------
Traceback (most recent call last):
  File "/root/BASS_HE/docs/atomic_reionization_handoff_20261004_v1/threads/BASS_HE/execution/HE_F2C_20261005T001658KST/test_rct_intake.py", line 69, in test_coefficient_units_and_source_bytes
    self.rejects("providers", ["records", 0, "coefficient", "si_token"], "1e-14")
  File "/root/BASS_HE/docs/atomic_reionization_handoff_20261004_v1/threads/BASS_HE/execution/HE_F2C_20261005T001658KST/test_rct_intake.py", line 36, in rejects
    with self.assertRaises(ValueError):
AssertionError: ValueError not raised

======================================================================
FAIL: test_count_packet_not_thermal_rate (test_rct_intake.IntakeTest.test_count_packet_not_thermal_rate)
----------------------------------------------------------------------
Traceback (most recent call last):
  File "/root/BASS_HE/docs/atomic_reionization_handoff_20261004_v1/threads/BASS_HE/execution/HE_F2C_20261005T001658KST/test_rct_intake.py", line 65, in test_count_packet_not_thermal_rate
    self.rejects("kf", ["request", "quantity"], "event_count_coefficients")
  File "/root/BASS_HE/docs/atomic_reionization_handoff_20261004_v1/threads/BASS_HE/execution/HE_F2C_20261005T001658KST/test_rct_intake.py", line 36, in rejects
    with self.assertRaises(ValueError):
AssertionError: ValueError not raised

======================================================================
FAIL: test_delivered_contract_accepted_only_as_local_rhs (test_rct_intake.IntakeTest.test_delivered_contract_accepted_only_as_local_rhs)
----------------------------------------------------------------------
Traceback (most recent call last):
  File "/root/BASS_HE/docs/atomic_reionization_handoff_20261004_v1/threads/BASS_HE/execution/HE_F2C_20261005T001658KST/test_rct_intake.py", line 41, in test_delivered_contract_accepted_only_as_local_rhs
    self.assertIs(result["accepted"], True)
AssertionError: False is not True

======================================================================
FAIL: test_density_and_electron_ledger (test_rct_intake.IntakeTest.test_density_and_electron_ledger)
----------------------------------------------------------------------
Traceback (most recent call last):
  File "/root/BASS_HE/docs/atomic_reionization_handoff_20261004_v1/threads/BASS_HE/execution/HE_F2C_20261005T001658KST/test_rct_intake.py", line 77, in test_density_and_electron_ledger
    self.rejects("providers", ["records", 0, "separate_event_stoichiometry", "density_applied"], True)
  File "/root/BASS_HE/docs/atomic_reionization_handoff_20261004_v1/threads/BASS_HE/execution/HE_F2C_20261005T001658KST/test_rct_intake.py", line 36, in rejects
    with self.assertRaises(ValueError):
AssertionError: ValueError not raised

======================================================================
FAIL: test_duplicate_alternative_rejected (test_rct_intake.IntakeTest.test_duplicate_alternative_rejected)
----------------------------------------------------------------------
Traceback (most recent call last):
  File "/root/BASS_HE/docs/atomic_reionization_handoff_20261004_v1/threads/BASS_HE/execution/HE_F2C_20261005T001658KST/test_rct_intake.py", line 74, in test_duplicate_alternative_rejected
    self.rejects("providers", ["records", 1], self.b["providers"]["records"][0])
  File "/root/BASS_HE/docs/atomic_reionization_handoff_20261004_v1/threads/BASS_HE/execution/HE_F2C_20261005T001658KST/test_rct_intake.py", line 36, in rejects
    with self.assertRaises(ValueError):
AssertionError: ValueError not raised

======================================================================
FAIL: test_failed_numerical_evidence_not_reused (test_rct_intake.IntakeTest.test_failed_numerical_evidence_not_reused)
----------------------------------------------------------------------
Traceback (most recent call last):
  File "/root/BASS_HE/docs/atomic_reionization_handoff_20261004_v1/threads/BASS_HE/execution/HE_F2C_20261005T001658KST/test_rct_intake.py", line 89, in test_failed_numerical_evidence_not_reused
    self.rejects("final", ["runs", 0, "exit_code"], 1)
  File "/root/BASS_HE/docs/atomic_reionization_handoff_20261004_v1/threads/BASS_HE/execution/HE_F2C_20261005T001658KST/test_rct_intake.py", line 36, in rejects
    with self.assertRaises(ValueError):
AssertionError: ValueError not raised

======================================================================
FAIL: test_final_binary_must_bind_both_oracles (test_rct_intake.IntakeTest.test_final_binary_must_bind_both_oracles)
----------------------------------------------------------------------
Traceback (most recent call last):
  File "/root/BASS_HE/docs/atomic_reionization_handoff_20261004_v1/threads/BASS_HE/execution/HE_F2C_20261005T001658KST/test_rct_intake.py", line 85, in test_final_binary_must_bind_both_oracles
    self.rejects("e2x", ["native_binary_sha256"], "0" * 64)
  File "/root/BASS_HE/docs/atomic_reionization_handoff_20261004_v1/threads/BASS_HE/execution/HE_F2C_20261005T001658KST/test_rct_intake.py", line 36, in rejects
    with self.assertRaises(ValueError):
AssertionError: ValueError not raised

======================================================================
FAIL: test_historical_review_cannot_replace_ft03_delta (test_rct_intake.IntakeTest.test_historical_review_cannot_replace_ft03_delta)
----------------------------------------------------------------------
Traceback (most recent call last):
  File "/root/BASS_HE/docs/atomic_reionization_handoff_20261004_v1/threads/BASS_HE/execution/HE_F2C_20261005T001658KST/test_rct_intake.py", line 95, in test_historical_review_cannot_replace_ft03_delta
    self.rejects("review", ["schema"], old.get("schema"))
  File "/root/BASS_HE/docs/atomic_reionization_handoff_20261004_v1/threads/BASS_HE/execution/HE_F2C_20261005T001658KST/test_rct_intake.py", line 36, in rejects
    with self.assertRaises(ValueError):
AssertionError: ValueError not raised

======================================================================
FAIL: test_missing_moments_cannot_be_zero (test_rct_intake.IntakeTest.test_missing_moments_cannot_be_zero) (key='source_photon_moment')
----------------------------------------------------------------------
Traceback (most recent call last):
  File "/root/BASS_HE/docs/atomic_reionization_handoff_20261004_v1/threads/BASS_HE/execution/HE_F2C_20261005T001658KST/test_rct_intake.py", line 61, in test_missing_moments_cannot_be_zero
    self.rejects("return", ["closure", key], 0)
  File "/root/BASS_HE/docs/atomic_reionization_handoff_20261004_v1/threads/BASS_HE/execution/HE_F2C_20261005T001658KST/test_rct_intake.py", line 36, in rejects
    with self.assertRaises(ValueError):
AssertionError: ValueError not raised

======================================================================
FAIL: test_missing_moments_cannot_be_zero (test_rct_intake.IntakeTest.test_missing_moments_cannot_be_zero) (key='source_heat_moment')
----------------------------------------------------------------------
Traceback (most recent call last):
  File "/root/BASS_HE/docs/atomic_reionization_handoff_20261004_v1/threads/BASS_HE/execution/HE_F2C_20261005T001658KST/test_rct_intake.py", line 61, in test_missing_moments_cannot_be_zero
    self.rejects("return", ["closure", key], 0)
  File "/root/BASS_HE/docs/atomic_reionization_handoff_20261004_v1/threads/BASS_HE/execution/HE_F2C_20261005T001658KST/test_rct_intake.py", line 36, in rejects
    with self.assertRaises(ValueError):
AssertionError: ValueError not raised

======================================================================
FAIL: test_missing_moments_cannot_be_zero (test_rct_intake.IntakeTest.test_missing_moments_cannot_be_zero) (key='source_recoil_moment')
----------------------------------------------------------------------
Traceback (most recent call last):
  File "/root/BASS_HE/docs/atomic_reionization_handoff_20261004_v1/threads/BASS_HE/execution/HE_F2C_20261005T001658KST/test_rct_intake.py", line 61, in test_missing_moments_cannot_be_zero
    self.rejects("return", ["closure", key], 0)
  File "/root/BASS_HE/docs/atomic_reionization_handoff_20261004_v1/threads/BASS_HE/execution/HE_F2C_20261005T001658KST/test_rct_intake.py", line 36, in rejects
    with self.assertRaises(ValueError):
AssertionError: ValueError not raised

======================================================================
FAIL: test_missing_moments_cannot_be_zero (test_rct_intake.IntakeTest.test_missing_moments_cannot_be_zero) (key='source_spectrum')
----------------------------------------------------------------------
Traceback (most recent call last):
  File "/root/BASS_HE/docs/atomic_reionization_handoff_20261004_v1/threads/BASS_HE/execution/HE_F2C_20261005T001658KST/test_rct_intake.py", line 61, in test_missing_moments_cannot_be_zero
    self.rejects("return", ["closure", key], 0)
  File "/root/BASS_HE/docs/atomic_reionization_handoff_20261004_v1/threads/BASS_HE/execution/HE_F2C_20261005T001658KST/test_rct_intake.py", line 36, in rejects
    with self.assertRaises(ValueError):
AssertionError: ValueError not raised

======================================================================
FAIL: test_missing_moments_cannot_be_zero (test_rct_intake.IntakeTest.test_missing_moments_cannot_be_zero)
----------------------------------------------------------------------
Traceback (most recent call last):
  File "/root/BASS_HE/docs/atomic_reionization_handoff_20261004_v1/threads/BASS_HE/execution/HE_F2C_20261005T001658KST/test_rct_intake.py", line 62, in test_missing_moments_cannot_be_zero
    self.rejects("providers", ["records", 0, "energy_photon_closure", "source_heat_moment_eV"], 0)
  File "/root/BASS_HE/docs/atomic_reionization_handoff_20261004_v1/threads/BASS_HE/execution/HE_F2C_20261005T001658KST/test_rct_intake.py", line 36, in rejects
    with self.assertRaises(ValueError):
AssertionError: ValueError not raised

======================================================================
FAIL: test_no_implicit_activation_or_source_sum (test_rct_intake.IntakeTest.test_no_implicit_activation_or_source_sum) (key='default')
----------------------------------------------------------------------
Traceback (most recent call last):
  File "/root/BASS_HE/docs/atomic_reionization_handoff_20261004_v1/threads/BASS_HE/execution/HE_F2C_20261005T001658KST/test_rct_intake.py", line 50, in test_no_implicit_activation_or_source_sum
    self.rejects("return", ["selection", key], value)
  File "/root/BASS_HE/docs/atomic_reionization_handoff_20261004_v1/threads/BASS_HE/execution/HE_F2C_20261005T001658KST/test_rct_intake.py", line 36, in rejects
    with self.assertRaises(ValueError):
AssertionError: ValueError not raised

======================================================================
FAIL: test_no_implicit_activation_or_source_sum (test_rct_intake.IntakeTest.test_no_implicit_activation_or_source_sum) (key='source_addition')
----------------------------------------------------------------------
Traceback (most recent call last):
  File "/root/BASS_HE/docs/atomic_reionization_handoff_20261004_v1/threads/BASS_HE/execution/HE_F2C_20261005T001658KST/test_rct_intake.py", line 50, in test_no_implicit_activation_or_source_sum
    self.rejects("return", ["selection", key], value)
  File "/root/BASS_HE/docs/atomic_reionization_handoff_20261004_v1/threads/BASS_HE/execution/HE_F2C_20261005T001658KST/test_rct_intake.py", line 36, in rejects
    with self.assertRaises(ValueError):
AssertionError: ValueError not raised

======================================================================
FAIL: test_no_implicit_activation_or_source_sum (test_rct_intake.IntakeTest.test_no_implicit_activation_or_source_sum) (key='automatic_source_switch')
----------------------------------------------------------------------
Traceback (most recent call last):
  File "/root/BASS_HE/docs/atomic_reionization_handoff_20261004_v1/threads/BASS_HE/execution/HE_F2C_20261005T001658KST/test_rct_intake.py", line 50, in test_no_implicit_activation_or_source_sum
    self.rejects("return", ["selection", key], value)
  File "/root/BASS_HE/docs/atomic_reionization_handoff_20261004_v1/threads/BASS_HE/execution/HE_F2C_20261005T001658KST/test_rct_intake.py", line 36, in rejects
    with self.assertRaises(ValueError):
AssertionError: ValueError not raised

======================================================================
FAIL: test_no_implicit_activation_or_source_sum (test_rct_intake.IntakeTest.test_no_implicit_activation_or_source_sum) (key='physical_admission')
----------------------------------------------------------------------
Traceback (most recent call last):
  File "/root/BASS_HE/docs/atomic_reionization_handoff_20261004_v1/threads/BASS_HE/execution/HE_F2C_20261005T001658KST/test_rct_intake.py", line 50, in test_no_implicit_activation_or_source_sum
    self.rejects("return", ["selection", key], value)
  File "/root/BASS_HE/docs/atomic_reionization_handoff_20261004_v1/threads/BASS_HE/execution/HE_F2C_20261005T001658KST/test_rct_intake.py", line 36, in rejects
    with self.assertRaises(ValueError):
AssertionError: ValueError not raised

======================================================================
FAIL: test_no_stepper_or_underflow_certificate (test_rct_intake.IntakeTest.test_no_stepper_or_underflow_certificate) (key='production_HHe_stepper_RCT_integration')
----------------------------------------------------------------------
Traceback (most recent call last):
  File "/root/BASS_HE/docs/atomic_reionization_handoff_20261004_v1/threads/BASS_HE/execution/HE_F2C_20261005T001658KST/test_rct_intake.py", line 56, in test_no_stepper_or_underflow_certificate
    self.rejects("return", ["implementation", key], True)
  File "/root/BASS_HE/docs/atomic_reionization_handoff_20261004_v1/threads/BASS_HE/execution/HE_F2C_20261005T001658KST/test_rct_intake.py", line 36, in rejects
    with self.assertRaises(ValueError):
AssertionError: ValueError not raised

======================================================================
FAIL: test_no_stepper_or_underflow_certificate (test_rct_intake.IntakeTest.test_no_stepper_or_underflow_certificate) (key='production_FT03_stepper_RCT_integration')
----------------------------------------------------------------------
Traceback (most recent call last):
  File "/root/BASS_HE/docs/atomic_reionization_handoff_20261004_v1/threads/BASS_HE/execution/HE_F2C_20261005T001658KST/test_rct_intake.py", line 56, in test_no_stepper_or_underflow_certificate
    self.rejects("return", ["implementation", key], True)
  File "/root/BASS_HE/docs/atomic_reionization_handoff_20261004_v1/threads/BASS_HE/execution/HE_F2C_20261005T001658KST/test_rct_intake.py", line 36, in rejects
    with self.assertRaises(ValueError):
AssertionError: ValueError not raised

======================================================================
FAIL: test_no_stepper_or_underflow_certificate (test_rct_intake.IntakeTest.test_no_stepper_or_underflow_certificate) (key='FT03_strict_underflow_representability_inherited_by_RCT')
----------------------------------------------------------------------
Traceback (most recent call last):
  File "/root/BASS_HE/docs/atomic_reionization_handoff_20261004_v1/threads/BASS_HE/execution/HE_F2C_20261005T001658KST/test_rct_intake.py", line 56, in test_no_stepper_or_underflow_certificate
    self.rejects("return", ["implementation", key], True)
  File "/root/BASS_HE/docs/atomic_reionization_handoff_20261004_v1/threads/BASS_HE/execution/HE_F2C_20261005T001658KST/test_rct_intake.py", line 36, in rejects
    with self.assertRaises(ValueError):
AssertionError: ValueError not raised

======================================================================
FAIL: test_provider_physical_admission_remains_false (test_rct_intake.IntakeTest.test_provider_physical_admission_remains_false) (key='consumer_admission')
----------------------------------------------------------------------
Traceback (most recent call last):
  File "/root/BASS_HE/docs/atomic_reionization_handoff_20261004_v1/threads/BASS_HE/execution/HE_F2C_20261005T001658KST/test_rct_intake.py", line 115, in test_provider_physical_admission_remains_false
    self.rejects("providers", ["records", 0, key], True)
  File "/root/BASS_HE/docs/atomic_reionization_handoff_20261004_v1/threads/BASS_HE/execution/HE_F2C_20261005T001658KST/test_rct_intake.py", line 36, in rejects
    with self.assertRaises(ValueError):
AssertionError: ValueError not raised

======================================================================
FAIL: test_provider_physical_admission_remains_false (test_rct_intake.IntakeTest.test_provider_physical_admission_remains_false) (key='physical_accuracy_certified')
----------------------------------------------------------------------
Traceback (most recent call last):
  File "/root/BASS_HE/docs/atomic_reionization_handoff_20261004_v1/threads/BASS_HE/execution/HE_F2C_20261005T001658KST/test_rct_intake.py", line 115, in test_provider_physical_admission_remains_false
    self.rejects("providers", ["records", 0, key], True)
  File "/root/BASS_HE/docs/atomic_reionization_handoff_20261004_v1/threads/BASS_HE/execution/HE_F2C_20261005T001658KST/test_rct_intake.py", line 36, in rejects
    with self.assertRaises(ValueError):
AssertionError: ValueError not raised

======================================================================
FAIL: test_provider_physical_admission_remains_false (test_rct_intake.IntakeTest.test_provider_physical_admission_remains_false) (key='baseline_global_rct_enabled')
----------------------------------------------------------------------
Traceback (most recent call last):
  File "/root/BASS_HE/docs/atomic_reionization_handoff_20261004_v1/threads/BASS_HE/execution/HE_F2C_20261005T001658KST/test_rct_intake.py", line 115, in test_provider_physical_admission_remains_false
    self.rejects("providers", ["records", 0, key], True)
  File "/root/BASS_HE/docs/atomic_reionization_handoff_20261004_v1/threads/BASS_HE/execution/HE_F2C_20261005T001658KST/test_rct_intake.py", line 36, in rejects
    with self.assertRaises(ValueError):
AssertionError: ValueError not raised

======================================================================
FAIL: test_provider_physical_admission_remains_false (test_rct_intake.IntakeTest.test_provider_physical_admission_remains_false) (key='alternatives_are_additive')
----------------------------------------------------------------------
Traceback (most recent call last):
  File "/root/BASS_HE/docs/atomic_reionization_handoff_20261004_v1/threads/BASS_HE/execution/HE_F2C_20261005T001658KST/test_rct_intake.py", line 115, in test_provider_physical_admission_remains_false
    self.rejects("providers", ["records", 0, key], True)
  File "/root/BASS_HE/docs/atomic_reionization_handoff_20261004_v1/threads/BASS_HE/execution/HE_F2C_20261005T001658KST/test_rct_intake.py", line 36, in rejects
    with self.assertRaises(ValueError):
AssertionError: ValueError not raised

======================================================================
FAIL: test_wrong_actual_ft03_adapter (test_rct_intake.IntakeTest.test_wrong_actual_ft03_adapter)
----------------------------------------------------------------------
Traceback (most recent call last):
  File "/root/BASS_HE/docs/atomic_reionization_handoff_20261004_v1/threads/BASS_HE/execution/HE_F2C_20261005T001658KST/test_rct_intake.py", line 81, in test_wrong_actual_ft03_adapter
    self.rejects("return", ["implementation", "FT03_base_rhs"], "hhe_rhs(ft03.gas)")
  File "/root/BASS_HE/docs/atomic_reionization_handoff_20261004_v1/threads/BASS_HE/execution/HE_F2C_20261005T001658KST/test_rct_intake.py", line 36, in rejects
    with self.assertRaises(ValueError):
AssertionError: ValueError not raised

----------------------------------------------------------------------
Ran 15 tests in 0.075s

FAILED (failures=32)
