======================================================================
ERROR: test_actual_empty_intersection_retains_wait_and_hold (test_domain_guard.DomainIntakeTests.test_actual_empty_intersection_retains_wait_and_hold)
----------------------------------------------------------------------
Traceback (most recent call last):
  File "/root/BASS_HE/docs/atomic_reionization_handoff_20261004_v1/threads/BASS_HE/execution/REPO_SYNC_20261004T192753Z/test_domain_guard.py", line 18, in test_actual_empty_intersection_retains_wait_and_hold
    self.assertEqual(result["status"], "WAIT_REI_F09_RESULT")
                     ~~~~~~^^^^^^^^^^
KeyError: 'status'

======================================================================
ERROR: test_null_is_empty_not_missing (test_domain_guard.DomainIntakeTests.test_null_is_empty_not_missing)
----------------------------------------------------------------------
Traceback (most recent call last):
  File "/root/BASS_HE/docs/atomic_reionization_handoff_20261004_v1/threads/BASS_HE/execution/REPO_SYNC_20261004T192753Z/test_domain_guard.py", line 24, in test_null_is_empty_not_missing
    validate_gate(self.gate)
  File "/root/BASS_HE/docs/atomic_reionization_handoff_20261004_v1/threads/BASS_HE/execution/REPO_SYNC_20261004T192753Z/domain_guard.py", line 4, in validate_gate
    return {"paired_domain": gate["intersection_FT03_pair_K"], "physical_admission": True}
                             ~~~~^^^^^^^^^^^^^^^^^^^^^^^^^^^^
KeyError: 'intersection_FT03_pair_K'

======================================================================
FAIL: test_changed_model_requires_new_intake (test_domain_guard.DomainIntakeTests.test_changed_model_requires_new_intake)
----------------------------------------------------------------------
Traceback (most recent call last):
  File "/root/BASS_HE/docs/atomic_reionization_handoff_20261004_v1/threads/BASS_HE/execution/REPO_SYNC_20261004T192753Z/test_domain_guard.py", line 54, in test_changed_model_requires_new_intake
    with self.assertRaises(ValueError):
AssertionError: ValueError not raised

======================================================================
FAIL: test_claimed_intersections_must_match_source_windows (test_domain_guard.DomainIntakeTests.test_claimed_intersections_must_match_source_windows) (key='intersection_FT03_GM25_K')
----------------------------------------------------------------------
Traceback (most recent call last):
  File "/root/BASS_HE/docs/atomic_reionization_handoff_20261004_v1/threads/BASS_HE/execution/REPO_SYNC_20261004T192753Z/test_domain_guard.py", line 34, in test_claimed_intersections_must_match_source_windows
    with self.assertRaises(ValueError):
AssertionError: ValueError not raised

======================================================================
FAIL: test_claimed_intersections_must_match_source_windows (test_domain_guard.DomainIntakeTests.test_claimed_intersections_must_match_source_windows) (key='intersection_FT03_pair_K')
----------------------------------------------------------------------
Traceback (most recent call last):
  File "/root/BASS_HE/docs/atomic_reionization_handoff_20261004_v1/threads/BASS_HE/execution/REPO_SYNC_20261004T192753Z/test_domain_guard.py", line 34, in test_claimed_intersections_must_match_source_windows
    with self.assertRaises(ValueError):
AssertionError: ValueError not raised

======================================================================
FAIL: test_claimed_intersections_must_match_source_windows (test_domain_guard.DomainIntakeTests.test_claimed_intersections_must_match_source_windows) (key='intersection_FT03_KF96_K')
----------------------------------------------------------------------
Traceback (most recent call last):
  File "/root/BASS_HE/docs/atomic_reionization_handoff_20261004_v1/threads/BASS_HE/execution/REPO_SYNC_20261004T192753Z/test_domain_guard.py", line 34, in test_claimed_intersections_must_match_source_windows
    with self.assertRaises(ValueError):
AssertionError: ValueError not raised

======================================================================
FAIL: test_claimed_intersections_must_match_source_windows (test_domain_guard.DomainIntakeTests.test_claimed_intersections_must_match_source_windows) (key='pair_common_domain_K')
----------------------------------------------------------------------
Traceback (most recent call last):
  File "/root/BASS_HE/docs/atomic_reionization_handoff_20261004_v1/threads/BASS_HE/execution/REPO_SYNC_20261004T192753Z/test_domain_guard.py", line 34, in test_claimed_intersections_must_match_source_windows
    with self.assertRaises(ValueError):
AssertionError: ValueError not raised

======================================================================
FAIL: test_ft03_guard_cannot_be_lowered_for_pair (test_domain_guard.DomainIntakeTests.test_ft03_guard_cannot_be_lowered_for_pair)
----------------------------------------------------------------------
Traceback (most recent call last):
  File "/root/BASS_HE/docs/atomic_reionization_handoff_20261004_v1/threads/BASS_HE/execution/REPO_SYNC_20261004T192753Z/test_domain_guard.py", line 44, in test_ft03_guard_cannot_be_lowered_for_pair
    with self.assertRaises(ValueError):
AssertionError: ValueError not raised

======================================================================
FAIL: test_off_kf96_is_not_paired_completion (test_domain_guard.DomainIntakeTests.test_off_kf96_is_not_paired_completion)
----------------------------------------------------------------------
Traceback (most recent call last):
  File "/root/BASS_HE/docs/atomic_reionization_handoff_20261004_v1/threads/BASS_HE/execution/REPO_SYNC_20261004T192753Z/test_domain_guard.py", line 49, in test_off_kf96_is_not_paired_completion
    with self.assertRaises(ValueError):
AssertionError: ValueError not raised

======================================================================
FAIL: test_source_window_cannot_be_extended_by_gate (test_domain_guard.DomainIntakeTests.test_source_window_cannot_be_extended_by_gate)
----------------------------------------------------------------------
Traceback (most recent call last):
  File "/root/BASS_HE/docs/atomic_reionization_handoff_20261004_v1/threads/BASS_HE/execution/REPO_SYNC_20261004T192753Z/test_domain_guard.py", line 39, in test_source_window_cannot_be_extended_by_gate
    with self.assertRaises(ValueError):
AssertionError: ValueError not raised

----------------------------------------------------------------------
Ran 7 tests in 0.002s

FAILED (failures=8, errors=2)
