test_bool_not_numeric_tolerance (test_mixed_intake.ReceiptBoundary.test_bool_not_numeric_tolerance) ... ERROR
test_changed_test_identity (test_mixed_intake.ReceiptBoundary.test_changed_test_identity) ... ERROR
test_delivered_finite_gate (test_mixed_intake.ReceiptBoundary.test_delivered_finite_gate) ... ERROR
test_different_review_pin (test_mixed_intake.ReceiptBoundary.test_different_review_pin) ... ERROR
test_false_acceptance (test_mixed_intake.ReceiptBoundary.test_false_acceptance) ... ERROR
test_forged_metrics (test_mixed_intake.ReceiptBoundary.test_forged_metrics) ... ERROR
test_missing_raw_row (test_mixed_intake.ReceiptBoundary.test_missing_raw_row) ... ERROR
test_missing_row (test_mixed_intake.ReceiptBoundary.test_missing_row) ... ERROR
test_nonfinite_raw_value (test_mixed_intake.ReceiptBoundary.test_nonfinite_raw_value) ... ERROR
test_nonzero_exit (test_mixed_intake.ReceiptBoundary.test_nonzero_exit) ... ERROR
test_result_promotes_history (test_mixed_intake.ReceiptBoundary.test_result_promotes_history) ... ERROR
test_result_promotes_physics (test_mixed_intake.ReceiptBoundary.test_result_promotes_physics) ... ERROR
test_unconfirmed_review (test_mixed_intake.ReceiptBoundary.test_unconfirmed_review) ... ERROR
test_widened_tolerance (test_mixed_intake.ReceiptBoundary.test_widened_tolerance) ... ERROR

======================================================================
ERROR: test_bool_not_numeric_tolerance (test_mixed_intake.ReceiptBoundary.test_bool_not_numeric_tolerance)
----------------------------------------------------------------------
Traceback (most recent call last):
  File "/root/BASS_HE/docs/atomic_reionization_handoff_20261004_v1/threads/BASS_HE/execution/HE_NATIVE_ACK_20261004T203328Z/test_mixed_intake.py", line 37, in test_bool_not_numeric_tolerance
    self.reject(lambda b: b[0].update(absolute_tolerance=False))
  File "/root/BASS_HE/docs/atomic_reionization_handoff_20261004_v1/threads/BASS_HE/execution/HE_NATIVE_ACK_20261004T203328Z/test_mixed_intake.py", line 31, in reject
    validate(*b)
  File "/root/BASS_HE/docs/atomic_reionization_handoff_20261004_v1/threads/BASS_HE/execution/HE_NATIVE_ACK_20261004T203328Z/mixed_intake.py", line 5, in validate
    raise NotImplementedError("fixed-input native receipt boundary not yet implemented")
NotImplementedError: fixed-input native receipt boundary not yet implemented

======================================================================
ERROR: test_changed_test_identity (test_mixed_intake.ReceiptBoundary.test_changed_test_identity)
----------------------------------------------------------------------
Traceback (most recent call last):
  File "/root/BASS_HE/docs/atomic_reionization_handoff_20261004_v1/threads/BASS_HE/execution/HE_NATIVE_ACK_20261004T203328Z/test_mixed_intake.py", line 70, in test_changed_test_identity
    self.reject(lambda b: b[0].update(test_sha256="0"*64))
  File "/root/BASS_HE/docs/atomic_reionization_handoff_20261004_v1/threads/BASS_HE/execution/HE_NATIVE_ACK_20261004T203328Z/test_mixed_intake.py", line 31, in reject
    validate(*b)
  File "/root/BASS_HE/docs/atomic_reionization_handoff_20261004_v1/threads/BASS_HE/execution/HE_NATIVE_ACK_20261004T203328Z/mixed_intake.py", line 5, in validate
    raise NotImplementedError("fixed-input native receipt boundary not yet implemented")
NotImplementedError: fixed-input native receipt boundary not yet implemented

======================================================================
ERROR: test_delivered_finite_gate (test_mixed_intake.ReceiptBoundary.test_delivered_finite_gate)
----------------------------------------------------------------------
Traceback (most recent call last):
  File "/root/BASS_HE/docs/atomic_reionization_handoff_20261004_v1/threads/BASS_HE/execution/HE_NATIVE_ACK_20261004T203328Z/test_mixed_intake.py", line 22, in test_delivered_finite_gate
    r = validate(*bundle())
        ^^^^^^^^^^^^^^^^^^^
  File "/root/BASS_HE/docs/atomic_reionization_handoff_20261004_v1/threads/BASS_HE/execution/HE_NATIVE_ACK_20261004T203328Z/mixed_intake.py", line 5, in validate
    raise NotImplementedError("fixed-input native receipt boundary not yet implemented")
NotImplementedError: fixed-input native receipt boundary not yet implemented

======================================================================
ERROR: test_different_review_pin (test_mixed_intake.ReceiptBoundary.test_different_review_pin)
----------------------------------------------------------------------
Traceback (most recent call last):
  File "/root/BASS_HE/docs/atomic_reionization_handoff_20261004_v1/threads/BASS_HE/execution/HE_NATIVE_ACK_20261004T203328Z/test_mixed_intake.py", line 64, in test_different_review_pin
    self.reject(lambda b: b[5]["decisions"][-1].update(native_commit="0"*40))
  File "/root/BASS_HE/docs/atomic_reionization_handoff_20261004_v1/threads/BASS_HE/execution/HE_NATIVE_ACK_20261004T203328Z/test_mixed_intake.py", line 31, in reject
    validate(*b)
  File "/root/BASS_HE/docs/atomic_reionization_handoff_20261004_v1/threads/BASS_HE/execution/HE_NATIVE_ACK_20261004T203328Z/mixed_intake.py", line 5, in validate
    raise NotImplementedError("fixed-input native receipt boundary not yet implemented")
NotImplementedError: fixed-input native receipt boundary not yet implemented

======================================================================
ERROR: test_false_acceptance (test_mixed_intake.ReceiptBoundary.test_false_acceptance)
----------------------------------------------------------------------
Traceback (most recent call last):
  File "/root/BASS_HE/docs/atomic_reionization_handoff_20261004_v1/threads/BASS_HE/execution/HE_NATIVE_ACK_20261004T203328Z/test_mixed_intake.py", line 55, in test_false_acceptance
    self.reject(lambda b: b[4][0].update(acceptance=False))
  File "/root/BASS_HE/docs/atomic_reionization_handoff_20261004_v1/threads/BASS_HE/execution/HE_NATIVE_ACK_20261004T203328Z/test_mixed_intake.py", line 31, in reject
    validate(*b)
  File "/root/BASS_HE/docs/atomic_reionization_handoff_20261004_v1/threads/BASS_HE/execution/HE_NATIVE_ACK_20261004T203328Z/mixed_intake.py", line 5, in validate
    raise NotImplementedError("fixed-input native receipt boundary not yet implemented")
NotImplementedError: fixed-input native receipt boundary not yet implemented

======================================================================
ERROR: test_forged_metrics (test_mixed_intake.ReceiptBoundary.test_forged_metrics)
----------------------------------------------------------------------
Traceback (most recent call last):
  File "/root/BASS_HE/docs/atomic_reionization_handoff_20261004_v1/threads/BASS_HE/execution/HE_NATIVE_ACK_20261004T203328Z/test_mixed_intake.py", line 49, in test_forged_metrics
    self.reject(lambda b: b[4][1].update(absolute=0.0))
  File "/root/BASS_HE/docs/atomic_reionization_handoff_20261004_v1/threads/BASS_HE/execution/HE_NATIVE_ACK_20261004T203328Z/test_mixed_intake.py", line 31, in reject
    validate(*b)
  File "/root/BASS_HE/docs/atomic_reionization_handoff_20261004_v1/threads/BASS_HE/execution/HE_NATIVE_ACK_20261004T203328Z/mixed_intake.py", line 5, in validate
    raise NotImplementedError("fixed-input native receipt boundary not yet implemented")
NotImplementedError: fixed-input native receipt boundary not yet implemented

======================================================================
ERROR: test_missing_raw_row (test_mixed_intake.ReceiptBoundary.test_missing_raw_row)
----------------------------------------------------------------------
Traceback (most recent call last):
  File "/root/BASS_HE/docs/atomic_reionization_handoff_20261004_v1/threads/BASS_HE/execution/HE_NATIVE_ACK_20261004T203328Z/test_mixed_intake.py", line 46, in test_missing_raw_row
    self.reject(lambda b: b.__setitem__(3, b[3].replace("FLRW02_RESIDUAL", "OMITTED", 1)))
  File "/root/BASS_HE/docs/atomic_reionization_handoff_20261004_v1/threads/BASS_HE/execution/HE_NATIVE_ACK_20261004T203328Z/test_mixed_intake.py", line 31, in reject
    validate(*b)
  File "/root/BASS_HE/docs/atomic_reionization_handoff_20261004_v1/threads/BASS_HE/execution/HE_NATIVE_ACK_20261004T203328Z/mixed_intake.py", line 5, in validate
    raise NotImplementedError("fixed-input native receipt boundary not yet implemented")
NotImplementedError: fixed-input native receipt boundary not yet implemented

======================================================================
ERROR: test_missing_row (test_mixed_intake.ReceiptBoundary.test_missing_row)
----------------------------------------------------------------------
Traceback (most recent call last):
  File "/root/BASS_HE/docs/atomic_reionization_handoff_20261004_v1/threads/BASS_HE/execution/HE_NATIVE_ACK_20261004T203328Z/test_mixed_intake.py", line 43, in test_missing_row
    self.reject(lambda b: b[4].pop())
  File "/root/BASS_HE/docs/atomic_reionization_handoff_20261004_v1/threads/BASS_HE/execution/HE_NATIVE_ACK_20261004T203328Z/test_mixed_intake.py", line 31, in reject
    validate(*b)
  File "/root/BASS_HE/docs/atomic_reionization_handoff_20261004_v1/threads/BASS_HE/execution/HE_NATIVE_ACK_20261004T203328Z/mixed_intake.py", line 5, in validate
    raise NotImplementedError("fixed-input native receipt boundary not yet implemented")
NotImplementedError: fixed-input native receipt boundary not yet implemented

======================================================================
ERROR: test_nonfinite_raw_value (test_mixed_intake.ReceiptBoundary.test_nonfinite_raw_value)
----------------------------------------------------------------------
Traceback (most recent call last):
  File "/root/BASS_HE/docs/atomic_reionization_handoff_20261004_v1/threads/BASS_HE/execution/HE_NATIVE_ACK_20261004T203328Z/test_mixed_intake.py", line 52, in test_nonfinite_raw_value
    self.reject(lambda b: b.__setitem__(3, b[3].replace("lhs=1.3396010875814407e-16", "lhs=NaN", 1)))
  File "/root/BASS_HE/docs/atomic_reionization_handoff_20261004_v1/threads/BASS_HE/execution/HE_NATIVE_ACK_20261004T203328Z/test_mixed_intake.py", line 31, in reject
    validate(*b)
  File "/root/BASS_HE/docs/atomic_reionization_handoff_20261004_v1/threads/BASS_HE/execution/HE_NATIVE_ACK_20261004T203328Z/mixed_intake.py", line 5, in validate
    raise NotImplementedError("fixed-input native receipt boundary not yet implemented")
NotImplementedError: fixed-input native receipt boundary not yet implemented

======================================================================
ERROR: test_nonzero_exit (test_mixed_intake.ReceiptBoundary.test_nonzero_exit)
----------------------------------------------------------------------
Traceback (most recent call last):
  File "/root/BASS_HE/docs/atomic_reionization_handoff_20261004_v1/threads/BASS_HE/execution/HE_NATIVE_ACK_20261004T203328Z/test_mixed_intake.py", line 40, in test_nonzero_exit
    self.reject(lambda b: b[2]["commands"][-1].update(exit_code=1))
  File "/root/BASS_HE/docs/atomic_reionization_handoff_20261004_v1/threads/BASS_HE/execution/HE_NATIVE_ACK_20261004T203328Z/test_mixed_intake.py", line 31, in reject
    validate(*b)
  File "/root/BASS_HE/docs/atomic_reionization_handoff_20261004_v1/threads/BASS_HE/execution/HE_NATIVE_ACK_20261004T203328Z/mixed_intake.py", line 5, in validate
    raise NotImplementedError("fixed-input native receipt boundary not yet implemented")
NotImplementedError: fixed-input native receipt boundary not yet implemented

======================================================================
ERROR: test_result_promotes_history (test_mixed_intake.ReceiptBoundary.test_result_promotes_history)
----------------------------------------------------------------------
Traceback (most recent call last):
  File "/root/BASS_HE/docs/atomic_reionization_handoff_20261004_v1/threads/BASS_HE/execution/HE_NATIVE_ACK_20261004T203328Z/test_mixed_intake.py", line 61, in test_result_promotes_history
    self.reject(lambda b: b[1].update(history_admission=True))
  File "/root/BASS_HE/docs/atomic_reionization_handoff_20261004_v1/threads/BASS_HE/execution/HE_NATIVE_ACK_20261004T203328Z/test_mixed_intake.py", line 31, in reject
    validate(*b)
  File "/root/BASS_HE/docs/atomic_reionization_handoff_20261004_v1/threads/BASS_HE/execution/HE_NATIVE_ACK_20261004T203328Z/mixed_intake.py", line 5, in validate
    raise NotImplementedError("fixed-input native receipt boundary not yet implemented")
NotImplementedError: fixed-input native receipt boundary not yet implemented

======================================================================
ERROR: test_result_promotes_physics (test_mixed_intake.ReceiptBoundary.test_result_promotes_physics)
----------------------------------------------------------------------
Traceback (most recent call last):
  File "/root/BASS_HE/docs/atomic_reionization_handoff_20261004_v1/threads/BASS_HE/execution/HE_NATIVE_ACK_20261004T203328Z/test_mixed_intake.py", line 58, in test_result_promotes_physics
    self.reject(lambda b: b[1].update(source_physical_admission=True))
  File "/root/BASS_HE/docs/atomic_reionization_handoff_20261004_v1/threads/BASS_HE/execution/HE_NATIVE_ACK_20261004T203328Z/test_mixed_intake.py", line 31, in reject
    validate(*b)
  File "/root/BASS_HE/docs/atomic_reionization_handoff_20261004_v1/threads/BASS_HE/execution/HE_NATIVE_ACK_20261004T203328Z/mixed_intake.py", line 5, in validate
    raise NotImplementedError("fixed-input native receipt boundary not yet implemented")
NotImplementedError: fixed-input native receipt boundary not yet implemented

======================================================================
ERROR: test_unconfirmed_review (test_mixed_intake.ReceiptBoundary.test_unconfirmed_review)
----------------------------------------------------------------------
Traceback (most recent call last):
  File "/root/BASS_HE/docs/atomic_reionization_handoff_20261004_v1/threads/BASS_HE/execution/HE_NATIVE_ACK_20261004T203328Z/test_mixed_intake.py", line 67, in test_unconfirmed_review
    self.reject(lambda b: b[5].update(status="PENDING"))
  File "/root/BASS_HE/docs/atomic_reionization_handoff_20261004_v1/threads/BASS_HE/execution/HE_NATIVE_ACK_20261004T203328Z/test_mixed_intake.py", line 31, in reject
    validate(*b)
  File "/root/BASS_HE/docs/atomic_reionization_handoff_20261004_v1/threads/BASS_HE/execution/HE_NATIVE_ACK_20261004T203328Z/mixed_intake.py", line 5, in validate
    raise NotImplementedError("fixed-input native receipt boundary not yet implemented")
NotImplementedError: fixed-input native receipt boundary not yet implemented

======================================================================
ERROR: test_widened_tolerance (test_mixed_intake.ReceiptBoundary.test_widened_tolerance)
----------------------------------------------------------------------
Traceback (most recent call last):
  File "/root/BASS_HE/docs/atomic_reionization_handoff_20261004_v1/threads/BASS_HE/execution/HE_NATIVE_ACK_20261004T203328Z/test_mixed_intake.py", line 34, in test_widened_tolerance
    self.reject(lambda b: b[0].update(relative_tolerance=2e-12))
  File "/root/BASS_HE/docs/atomic_reionization_handoff_20261004_v1/threads/BASS_HE/execution/HE_NATIVE_ACK_20261004T203328Z/test_mixed_intake.py", line 31, in reject
    validate(*b)
  File "/root/BASS_HE/docs/atomic_reionization_handoff_20261004_v1/threads/BASS_HE/execution/HE_NATIVE_ACK_20261004T203328Z/mixed_intake.py", line 5, in validate
    raise NotImplementedError("fixed-input native receipt boundary not yet implemented")
NotImplementedError: fixed-input native receipt boundary not yet implemented

----------------------------------------------------------------------
Ran 14 tests in 0.046s

FAILED (errors=14)
