FFFFF.                                                                   [100%]
=================================== FAILURES ===================================
__________________________ test_l1_parity_hamiltonian __________________________

    def test_l1_parity_hamiltonian():
>       even, odd = reduced_blocks(1, 2.0)
                    ^^^^^^^^^^^^^^^^^^^^^^

tests/test_reduced_parity.py:6: 
_ _ _ _ _ _ _ _ _ _ _ _ _ _ _ _ _ _ _ _ _ _ _ _ _ _ _ _ _ _ _ _ _ _ _ _ _ _ _ _ 

l = 1, diagonal = 2.0

    def reduced_blocks(l, diagonal):
>       raise NotImplementedError
E       NotImplementedError

reduced_parity.py:4: NotImplementedError
___________________________ test_l2_parity_couplings ___________________________

    def test_l2_parity_couplings():
>       even, odd = reduced_blocks(2, 3.0)
                    ^^^^^^^^^^^^^^^^^^^^^^

tests/test_reduced_parity.py:12: 
_ _ _ _ _ _ _ _ _ _ _ _ _ _ _ _ _ _ _ _ _ _ _ _ _ _ _ _ _ _ _ _ _ _ _ _ _ _ _ _ 

l = 2, diagonal = 3.0

    def reduced_blocks(l, diagonal):
>       raise NotImplementedError
E       NotImplementedError

reduced_parity.py:4: NotImplementedError
____________ test_l1_collapse_distinguishes_even_author_column_one _____________

    def test_l1_collapse_distinguishes_even_author_column_one():
        t = 0.3
        u = np.array([[np.sqrt(1-t), -np.sqrt(t)], [np.sqrt(t), np.sqrt(1-t)]])
>       collapsed = collapsed_from_parity(u, np.array([[1.0]]))
                    ^^^^^^^^^^^^^^^^^^^^^^^^^^^^^^^^^^^^^^^^^^^

tests/test_reduced_parity.py:20: 
_ _ _ _ _ _ _ _ _ _ _ _ _ _ _ _ _ _ _ _ _ _ _ _ _ _ _ _ _ _ _ _ _ _ _ _ _ _ _ _ 

even_u = array([[ 0.83666003, -0.54772256],
       [ 0.54772256,  0.83666003]])
odd_u = array([[1.]])

    def collapsed_from_parity(even_u, odd_u):
>       raise NotImplementedError
E       NotImplementedError

reduced_parity.py:13: NotImplementedError
______________________ test_inactive_queries_are_identity ______________________

    def test_inactive_queries_are_identity():
        for trajectory in ('STRAIGHT','COULOMB'):
>           out = reduced_rotation_batch(2, 1, [0.5, 5.0], [3.0, 3.0], trajectory=trajectory, cutoff='CPC', steps=64)
                  ^^^^^^^^^^^^^^^^^^^^^^^^^^^^^^^^^^^^^^^^^^^^^^^^^^^^^^^^^^^^^^^^^^^^^^^^^^^^^^^^^^^^^^^^^^^^^^^^^^^

tests/test_reduced_parity.py:27: 
_ _ _ _ _ _ _ _ _ _ _ _ _ _ _ _ _ _ _ _ _ _ _ _ _ _ _ _ _ _ _ _ _ _ _ _ _ _ _ _ 

N = 2, l = 1, energies = [0.5, 5.0], rhos = [3.0, 3.0], trajectory = 'STRAIGHT'
cutoff = 'CPC', steps = 64

    def reduced_rotation_batch(N, l, energies, rhos, *, trajectory, cutoff, steps):
>       raise NotImplementedError
E       NotImplementedError

reduced_parity.py:7: NotImplementedError
________________ test_reduced_magnus_and_separate_dop853_agree _________________

    def test_reduced_magnus_and_separate_dop853_agree():
        for trajectory, steps in (('STRAIGHT', 128), ('COULOMB', 512)):
>           out = reduced_rotation_batch(3, 2, [5.0], [0.05], trajectory=trajectory, cutoff='AUTHOR', steps=steps)
                  ^^^^^^^^^^^^^^^^^^^^^^^^^^^^^^^^^^^^^^^^^^^^^^^^^^^^^^^^^^^^^^^^^^^^^^^^^^^^^^^^^^^^^^^^^^^^^^^^

tests/test_reduced_parity.py:34: 
_ _ _ _ _ _ _ _ _ _ _ _ _ _ _ _ _ _ _ _ _ _ _ _ _ _ _ _ _ _ _ _ _ _ _ _ _ _ _ _ 

N = 3, l = 2, energies = [5.0], rhos = [0.05], trajectory = 'STRAIGHT'
cutoff = 'AUTHOR', steps = 128

    def reduced_rotation_batch(N, l, energies, rhos, *, trajectory, cutoff, steps):
>       raise NotImplementedError
E       NotImplementedError

reduced_parity.py:7: NotImplementedError
=========================== short test summary info ============================
FAILED tests/test_reduced_parity.py::test_l1_parity_hamiltonian - NotImplemen...
FAILED tests/test_reduced_parity.py::test_l2_parity_couplings - NotImplemente...
FAILED tests/test_reduced_parity.py::test_l1_collapse_distinguishes_even_author_column_one
FAILED tests/test_reduced_parity.py::test_inactive_queries_are_identity - Not...
FAILED tests/test_reduced_parity.py::test_reduced_magnus_and_separate_dop853_agree
5 failed, 1 passed in 0.12s
